---
source: starstream-to-wasm/tests/baseline.rs
description: "Program { statements: [] }"
---
(module
  (type (;0;) (func))
  (export "main" (func 0))
  (func (;0;) (type 0))
)
