---
source: starstream-compiler/src/parser/statement.rs
description: "Code:\n\nvalue = value + 1;"
---
Assignment {
    target: Identifier {
        name: "value",
        span: Some(
            0..5,
        ),
    },
    value: Spanned {
        node: Binary {
            op: Add,
            left: Spanned {
                node: Identifier(
                    Identifier {
                        name: "value",
                        span: Some(
                            8..13,
                        ),
                    },
                ),
                span: 8..14,
            },
            right: Spanned {
                node: Literal(
                    Integer(
                        1,
                    ),
                ),
                span: 16..17,
            },
        },
        span: 8..17,
    },
}
