---
source: starstream-compiler/src/formatter.rs
description: "Code:\n\n{\n    let x = 1;\n    {\n        let y = x + 2;\n\n        y = y * (x + y);\n    }\n}\n"
---
{
    let x = 1;
    {
        let y = x + 2;
        y = y * (x + y);
    }
}
