---
source: tests/insta_simple_tests.rs
expression: final_state
---
{
  "x": 11
}
